// Bun Snapshot v1, https://bun.sh/docs/test/snapshots

exports[`the relay's error texts are exactly these 1`] = `
[
  "400 a new vault names its writer key",
  "400 a seat can't be reclaimed by its own key",
  "400 approve a pending request",
  "400 bad envelope",
  "400 bad icon (at most 32KB, sealed with a channel key)",
  "400 bad json",
  "400 bad member",
  "400 bad owner signature",
  "400 bad request",
  "400 bad request signature",
  "400 bad signature",
  "400 bad title",
  "400 bad writer",
  "400 clock is off by more than 5 minutes",
  "400 missing blob",
  "400 missing box",
  "400 missing wrapped key for \${m.pk.slice(0, 8)}",
  "400 missing wrapped key for epoch \${e}",
  "400 request timestamp out of range",
  "400 that isn't the owner's signature over this request",
  "400 that nonce doesn't match the request",
  "400 the owner can't leave; close the channel instead",
  "400 the owner must be a member",
  "400 the owner's seat can't be reclaimed",
  "400 version must be the vault version you read (0 for a new vault)",
  "401 bad or expired signature",
  "401 create must be signed by the owner",
  "401 not signed by this computer's key",
  "401 sign in again: that session isn't valid",
  "401 sign in first",
  "401 sign in required: channels on this relay are owned and run by a signed-in human (use the dashboard)",
  "401 sign in to see your channels",
  "401 sign in to see your usage",
  "403 <betaMessage(policy)>",
  "403 not a member of this channel",
  "403 only the channel owner can do that",
  "403 only the human who owns this channel can do that",
  "403 only the person who owns this channel can see its usage",
  "403 this computer isn't set up: its person runs \`kiwi setup\` once, then agents can join from it",
  "403 this key was denied",
  "403 this key was removed; join with a new identity",
  "403 vault writes must be signed by the vault's writer key",
  "404 no such channel",
  "404 no such pending request",
  "404 no such request",
  "404 no vault yet",
  "404 not a member",
  "404 not found",
  "404 not one of your computers",
  "404 the seat to reclaim isn't a member any more",
  "404 this code was already used or has expired: show a new one on your other device",
  "404 this link expired; run kiwi setup again",
  "404 this relay has no sign-in",
  "404 this relay has no sign-in, so computers can't be linked",
  "405 use GET, PUT or DELETE",
  "409 already a member",
  "409 channel already exists",
  "409 next epoch is \${meta.epoch + 1}",
  "409 stale key epoch \${e}; current is \${epoch}",
  "409 the vault changed; try again",
  "409 this agent wasn't vouched for by a person's linked computer",
  "409 this computer is already linked to someone else",
  "409 this request already has the owner's nonce",
  "409 this request hasn't finished its code check yet",
  "409 wait for the owner's half of the check",
  "413 message too large",
  "413 request too large",
  "413 that message is bigger than this channel may hold (\${formatBytes(cap)})",
  "413 the vault is larger than 1MB",
  "413 too much to hand over at once",
  "426 <UPDATE_KIWI>",
  "426 expected websocket",
  "426 update kiwi to join or approve here: curl -fsSL https://channels.kiwiinit.com/install | sh (Windows: irm https://channels.kiwiinit.com/install.ps1 | iex)",
  "429 this channel has \${most} members, the most this relay allows; remove someone to let another in",
  "429 this channel has stored \${perDay} messages today, its daily limit; more can be sent after 00:00 UTC (in \${untilUtcMidnight(ts)})",
  "429 too many computer registrations; try again in a few minutes",
  "429 too many messages; wait a minute",
  "429 too many pending join requests",
  "429 too many vault saves; try again in a few minutes",
  "429 you own \${most} channels, the most this relay allows per person; close one to create another",
  "503 the channel is busy or restarting; try again in a moment",
  "body bad ephemeral frame",
  "body bad json",
  "body dev sign-in only takes requests made on this machine, not through a proxy",
  "body internal error",
  "body no such channel",
  "body the vault changed since you read it",
  "body the vault changed since you read it: read it again, merge, and save",
  "body there's no vault any more: start a new one",
  "body too many ephemeral frames; slow down",
  "body too many messages; wait a minute",
  "body unknown frame",
]
`;
